
连接器　版本8.7.3.170508
Input Object File: F:\HTMCU\MB-T006-HT66F0185\[TEST06] Compare\3KEY.OBJ
Input Object File: F:\HTMCU\MB-T006-HT66F0185\[TEST06] Compare\STARTUP1_L.OBJ

Input Library File: D:\Program Files\Holtek MCU Development Tools\HT-IDE3000V7.x\LIB\LIBHOLTEKGCC.LIB
Input Library File: D:\Program Files\Holtek MCU Development Tools\HT-IDE3000V7.x\LIB\v3_tabrd_mrsc.lib


     Bank    Start     End      Length     Class    AvgIns    Name
     00h     0000h     0000h    0001h      CODE               @code (F:\HTMCU\MB-T006-HT66F0185\[TEST06] Compare\3KEY.OBJ)
     00h     0001h     0001h    0001h      CODE               @start (F:\HTMCU\MB-T006-HT66F0185\[TEST06] Compare\3KEY.OBJ)
     00h     0002h     000bh    000ah      CODE               __DELAYX (D:\Program Files\Holtek MCU Development Tools\HT-IDE3000V7.x\LIB\LIBHOLTEKGCC.LIB)
     00h     000ch     000fh    0004h      CODE               @isr_TM0_code (F:\HTMCU\MB-T006-HT66F0185\[TEST06] Compare\3KEY.OBJ)
     00h     0010h     0028h    0019h      CODE               _GPIOA_INIT (F:\HTMCU\MB-T006-HT66F0185\[TEST06] Compare\3KEY.OBJ)
     00h     0029h     0041h    0019h      CODE               _GPIOB_INIT (F:\HTMCU\MB-T006-HT66F0185\[TEST06] Compare\3KEY.OBJ)
     00h     0042h     005ah    0019h      CODE               _GPIOC_INIT (F:\HTMCU\MB-T006-HT66F0185\[TEST06] Compare\3KEY.OBJ)
     00h     005bh     0073h    0019h      CODE               _GPIOD_INIT (F:\HTMCU\MB-T006-HT66F0185\[TEST06] Compare\3KEY.OBJ)
     00h     0074h     0082h    000fh      CODE               _clr_ram_en (F:\HTMCU\MB-T006-HT66F0185\[TEST06] Compare\3KEY.OBJ)
     00h     0083h     00a7h    0025h      CODE               _Init_clock (F:\HTMCU\MB-T006-HT66F0185\[TEST06] Compare\3KEY.OBJ)
     00h     00a8h     00beh    0017h      CODE               _isr_TM0 (F:\HTMCU\MB-T006-HT66F0185\[TEST06] Compare\3KEY.OBJ)
     00h     00bfh     00dch    001eh      CODE               _main (F:\HTMCU\MB-T006-HT66F0185\[TEST06] Compare\3KEY.OBJ)
     00h     0080h     0096h    0017h      DATA     0.2608    @HCCINIT0 (F:\HTMCU\MB-T006-HT66F0185\[TEST06] Compare\3KEY.OBJ)
     00h     0097h     0097h    0001h      DATA     23        @data_ra (D:\Program Files\Holtek MCU Development Tools\HT-IDE3000V7.x\LIB\LIBHOLTEKGCC.LIB)
     00h     0098h     0098h    0001h      DATA     2         @data_r10c (isr:ra~rh)
     00h     0099h     0099h    0001h      DATA     2         @data_r20c (isr:ra~rh)
     00h     009ah     009ah    0001h      DATA     3         @data_ra0c (isr:ra~rh)

     Local Sections

     Bank    Start     End      Length     Class    AvgIns    Name
     00h     009bh     009bh    0000h      LOCAL    0         @dummy12 (F:\HTMCU\MB-T006-HT66F0185\[TEST06] Compare\3KEY.OBJ)
     00h     009bh     009bh    0000h      LOCAL    0         _isr_TM0 (F:\HTMCU\MB-T006-HT66F0185\[TEST06] Compare\3KEY.OBJ)
     00h     009fh     009fh    0000h      LOCAL    0         @dummy (F:\HTMCU\MB-T006-HT66F0185\[TEST06] Compare\3KEY.OBJ)
     00h     009fh     009fh    0000h      LOCAL    0         _main (F:\HTMCU\MB-T006-HT66F0185\[TEST06] Compare\3KEY.OBJ)
     00h     009bh     009bh    0000h      LOCAL    0         __DELAYX (D:\Program Files\Holtek MCU Development Tools\HT-IDE3000V7.x\LIB\LIBHOLTEKGCC.LIB)
     00h     009ch     009ch    0000h      LOCAL    0         _Init_clock (F:\HTMCU\MB-T006-HT66F0185\[TEST06] Compare\3KEY.OBJ)
     00h     009bh     009bh    0001h      LOCAL    1         _clr_ram_en (F:\HTMCU\MB-T006-HT66F0185\[TEST06] Compare\3KEY.OBJ)
     00h     009bh     009eh    0004h      LOCAL    2.75      _GPIOA_INIT (F:\HTMCU\MB-T006-HT66F0185\[TEST06] Compare\3KEY.OBJ)
     00h     009bh     009dh    0003h      LOCAL    4         _GPIOB_INIT (F:\HTMCU\MB-T006-HT66F0185\[TEST06] Compare\3KEY.OBJ)
     00h     009bh     009dh    0003h      LOCAL    3.3333    _GPIOC_INIT (F:\HTMCU\MB-T006-HT66F0185\[TEST06] Compare\3KEY.OBJ)
     00h     009bh     009dh    0003h      LOCAL    3.3333    _GPIOD_INIT (F:\HTMCU\MB-T006-HT66F0185\[TEST06] Compare\3KEY.OBJ)

     Public Symbols Information
     Address            Public by Name
     0010h              _GPIOA_INIT
     009bh              _GPIOA_INIT_2
     0029h              _GPIOB_INIT
     0042h              _GPIOC_INIT
     005bh              _GPIOD_INIT
     0083h              _Init_clock
     0008h              __DELAYX0
     0007h              __DELAYX1
     0006h              __DELAYX2
     0005h              __DELAYX3
     0004h              __DELAYX4
     0003h              __DELAYX5
     0002h              __DELAYX6
     0080h              _bBbSound
     0081h              _bbCnt
     0084h              _bbRam
     0082h              _bbTime
     0074h              _clr_ram_en
     008bh              _data
     00a8h              _isr_TM0
     0086h              _keystep
     00bfh              _main
     008ah              _step
     0089h              _step1
     0088h              _step2
     0087h              _step3
     008dh              _t10s
     008ch              _t2s
     0092h              _tms
     0091h              _tms1
     0090h              _tms2
     008fh              _tms3
     008eh              _tms4
     0096h              _uF1
     0095h              _uF2
     0094h              _uF3
     0085h              _value
     0098h              r10c
     0099h              r20c
     0097h              ra
     009ah              ra0c

     Address            Public by Value
     0002h              __DELAYX6
     0003h              __DELAYX5
     0004h              __DELAYX4
     0005h              __DELAYX3
     0006h              __DELAYX2
     0007h              __DELAYX1
     0008h              __DELAYX0
     0010h              _GPIOA_INIT
     0029h              _GPIOB_INIT
     0042h              _GPIOC_INIT
     005bh              _GPIOD_INIT
     0074h              _clr_ram_en
     0080h              _bBbSound
     0081h              _bbCnt
     0082h              _bbTime
     0083h              _Init_clock
     0084h              _bbRam
     0085h              _value
     0086h              _keystep
     0087h              _step3
     0088h              _step2
     0089h              _step1
     008ah              _step
     008bh              _data
     008ch              _t2s
     008dh              _t10s
     008eh              _tms4
     008fh              _tms3
     0090h              _tms2
     0091h              _tms1
     0092h              _tms
     0094h              _uF3
     0095h              _uF2
     0096h              _uF1
     0097h              ra
     0098h              r10c
     0099h              r20c
     009ah              ra0c
     009bh              _GPIOA_INIT_2
     00a8h              _isr_TM0
     00bfh              _main


ROM Usage Statistics
     Size      Used     Percentage
     1000h     00ddh    5%

RAM Usage Statistics
    Bank      Size      Used     Percentage
     00h       0080h     001fh    24%
     01h       0080h     0000h    0%
     Total     0100h     001fh    12%

Use Stack Count
_isr_TM0: 0
_main: 2

Call Tree
    @dummy12
        _isr_TM0 (0)
    @dummy
        _main (0)
            __DELAYX (1)
            _Init_clock (1)
                _clr_ram_en (2)
            _GPIOA_INIT (1)
            _GPIOB_INIT (1)
            _GPIOC_INIT (1)
            _GPIOD_INIT (1)

HLINK : 程序的开始执行点在程序段'@code'（地址0）。定义在'F:\HTMCU\MB-T006-HT66F0185\[TEST06] Compare\3KEY.OBJ' 文件中

错误总数 : 0  警告总数 : 0
